
[07-04-2026 12:43:29] INFO: GET /api/health 304 0.275 ms
[07-04-2026 12:43:29] INFO: GET /favicon.ico 404 0.415 ms
[07-04-2026 12:43:36] INFO: GET / 404 0.261 ms
[07-04-2026 12:44:48] INFO: Server started on http://localhost:3000
[07-04-2026 12:44:50] INFO: GET /auth/tg 404 2.017 ms
[07-04-2026 12:48:31] INFO: Server started on http://localhost:3000
[07-04-2026 12:48:36] INFO: Server started on http://localhost:3000
[07-04-2026 12:49:50] INFO: GET /api/health 200 1.732 ms
[07-04-2026 12:51:18] INFO: GET /api/health 200 0.301 ms
[07-04-2026 12:56:37] INFO: Server started on http://localhost:3000
[07-04-2026 12:57:31] INFO: GET /api/me 401 2.249 ms
[07-04-2026 13:00:48] INFO: GET /auth/tg 404 0.724 ms
[07-04-2026 13:01:46] INFO: POST /auth/tg 404 0.198 ms
[07-04-2026 13:04:25] INFO: Server started on http://localhost:3000
[07-04-2026 13:04:30] WARN: initData is missing
[07-04-2026 13:04:30] INFO: POST /auth/tg 400 2.663 ms
[07-04-2026 13:06:07] WARN: Invalid Telegram data
[07-04-2026 13:06:07] INFO: POST /auth/tg 403 2.342 ms
[07-04-2026 13:09:00] WARN: Invalid Telegram data
[07-04-2026 13:09:00] INFO: POST /auth/tg 403 1.085 ms
[08-04-2026 04:03:53] INFO: Server started on http://localhost:3000
[08-04-2026 04:04:07] INFO: GET / 404 3.182 ms
[08-04-2026 04:04:21] INFO: GET /api/health 304 2.289 ms
[08-04-2026 04:04:21] INFO: GET /favicon.ico 404 1.054 ms
[10-04-2026 06:09:34] INFO: Server started on http://localhost:3000
[10-04-2026 06:09:52] WARN: Invalid Telegram data
[10-04-2026 06:09:52] INFO: POST /auth/tg 403 3.966 ms
[12-04-2026 09:26:44] INFO: Server started on http://localhost:3000
[12-04-2026 09:27:17] INFO: POST /auth/tg 404 1.352 ms
[12-04-2026 09:27:36] INFO: POST /auth 400 1.530 ms
[12-04-2026 09:29:07] ERROR: 
Invalid `prisma.city.findFirstOrThrow()` invocation in
C:\Users\usr\Desktop\dating-backend\src\services\city.service.ts:22:39

  19 
  20 export async function getCityByName(res: string)
  21 {
→ 22     const cityRes = await prisma.city.findFirstOrThrow(
An operation failed because it depends on one or more records that were required but not found. No record was found for a query.
[12-04-2026 09:29:07] WARN: User creation failed
[12-04-2026 09:29:07] INFO: POST /auth 400 162.909 ms
[12-04-2026 09:31:28] ERROR: 
Invalid `prisma.city.findFirstOrThrow()` invocation in
C:\Users\usr\Desktop\dating-backend\src\services\city.service.ts:22:39

  19 
  20 export async function getCityByName(res: string)
  21 {
→ 22     const cityRes = await prisma.city.findFirstOrThrow(
An operation failed because it depends on one or more records that were required but not found. No record was found for a query.
[12-04-2026 09:31:28] WARN: User creation failed
[12-04-2026 09:31:28] INFO: POST /auth 400 14.172 ms
[12-04-2026 09:33:10] ERROR: 
Invalid `prisma.city.findFirstOrThrow()` invocation in
C:\Users\usr\Desktop\dating-backend\src\services\city.service.ts:22:39

  19 
  20 export async function getCityByName(res: string)
  21 {
→ 22     const cityRes = await prisma.city.findFirstOrThrow(
An operation failed because it depends on one or more records that were required but not found. No record was found for a query.
[12-04-2026 09:33:10] WARN: User creation failed
[12-04-2026 09:33:10] INFO: POST /auth 400 5.584 ms
[12-04-2026 09:36:19] INFO: POST /auth 200 73.008 ms
[12-04-2026 09:39:12] INFO: POST /api/me 404 0.358 ms
[12-04-2026 09:39:18] INFO: Server started on http://localhost:3000
[12-04-2026 09:39:21] INFO: POST /api/me 404 1.466 ms
[12-04-2026 09:39:34] INFO: GET /api/me 200 11.730 ms
[12-04-2026 09:53:30] WARN: User creation failed
[12-04-2026 09:53:30] INFO: POST /auth 400 88.644 ms
[12-04-2026 09:53:40] INFO: Server started on http://localhost:3000
[12-04-2026 09:54:28] INFO: Server started on http://localhost:3000
[12-04-2026 09:54:34] WARN: User creation failed
[12-04-2026 09:54:34] INFO: POST /auth 400 85.967 ms
[12-04-2026 10:00:32] INFO: Server started on http://localhost:3000
[12-04-2026 10:00:37] WARN: User creation failed
[12-04-2026 10:00:37] INFO: POST /auth 500 77.679 ms
[12-04-2026 10:02:55] INFO: POST /auth 200 12.648 ms
[12-04-2026 12:04:00] INFO: Server started on http://localhost:3000
[12-04-2026 12:05:04] INFO: GET /interests 200 67.829 ms
[12-04-2026 12:11:51] INFO: Server started on http://localhost:3000
[12-04-2026 12:12:41] INFO: GET /music 200 52.263 ms
[12-04-2026 12:13:59] INFO: Server started on http://localhost:3000
[12-04-2026 12:14:05] INFO: GET /music 200 39.234 ms
[12-04-2026 12:53:57] INFO: Server started on http://localhost:3000
[12-04-2026 13:03:16] INFO: Server started on http://localhost:3000
[12-04-2026 13:03:19] INFO: POST /auth 200 62.219 ms
[12-04-2026 13:03:31] INFO: GET /interests 200 4.498 ms
[12-04-2026 13:04:06] INFO: POST /profile/interests/add 401 1.592 ms
[12-04-2026 13:04:13] INFO: POST /profile/interests/add 401 0.615 ms
[12-04-2026 13:04:25] INFO: POST /auth 200 11.869 ms
[12-04-2026 13:04:40] INFO: POST /profile/interests/add 401 0.471 ms
[12-04-2026 13:06:01] INFO: Server started on http://localhost:3000
[12-04-2026 13:06:05] INFO: POST /profile/interests/add 401 3.661 ms
[12-04-2026 13:06:18] INFO: Server started on http://localhost:3000
[12-04-2026 13:06:49] INFO: Server started on http://localhost:3000
[12-04-2026 13:07:30] INFO: Server started on http://localhost:3000
[12-04-2026 13:07:33] INFO: POST /auth 200 44.107 ms
[12-04-2026 13:07:46] INFO: POST /profile/interests/add 401 1.658 ms
[12-04-2026 13:07:51] INFO: POST /profile/interests/add 401 0.854 ms
[12-04-2026 13:09:40] INFO: Server started on http://localhost:3000
[12-04-2026 13:10:08] INFO: Server started on http://localhost:3000
[12-04-2026 13:10:15] INFO: Server started on http://localhost:3000
[12-04-2026 13:10:24] INFO: POST /profile/add 404 2.324 ms
[12-04-2026 13:10:36] INFO: Server started on http://localhost:3000
[12-04-2026 13:10:43] INFO: POST /api/profile/add 404 1.912 ms
[12-04-2026 13:11:05] INFO: Server started on http://localhost:3000
[12-04-2026 13:11:08] INFO: POST /api/profile/add 404 1.466 ms
[12-04-2026 13:12:20] INFO: Server started on http://localhost:3000
[12-04-2026 13:13:06] INFO: Server started on http://localhost:3000
[12-04-2026 13:13:09] INFO: POST /api/profile/add 404 3.662 ms
[12-04-2026 13:13:21] INFO: POST /api/profile/interests/add 401 1.267 ms
[12-04-2026 13:13:28] INFO: POST /auth 200 145.504 ms
[12-04-2026 13:13:43] INFO: POST /api/profile/interests/add 401 0.551 ms
[12-04-2026 13:15:36] INFO: Server started on http://localhost:3000
[12-04-2026 13:15:43] INFO: POST /api/profile/interests/add 401 4.757 ms
[12-04-2026 13:20:51] INFO: Server started on http://localhost:3000
[12-04-2026 13:20:54] INFO: POST /api/profile/interests/add 401 4.620 ms
[12-04-2026 13:23:34] INFO: Server started on http://localhost:3000
[12-04-2026 13:23:36] INFO: POST /api/profile/interests/add 400 4.393 ms
[12-04-2026 13:23:48] INFO: POST /api/profile/interests/add 200 66.992 ms
[12-04-2026 16:38:33] INFO: Server started on http://localhost:3000
[12-04-2026 16:41:38] INFO: Server started on http://localhost:3000
[12-04-2026 16:41:41] INFO: POST /auth 200 116.699 ms
[12-04-2026 16:44:23] INFO: POST /api/music/add 200 30.524 ms
[13-04-2026 10:06:41] INFO: Server started on http://localhost:3000
[13-04-2026 10:06:43] INFO: GET / 404 2.196 ms
[13-04-2026 10:07:02] INFO: GET /api-docs/ 304 2.096 ms
[13-04-2026 10:07:02] INFO: GET /api-docs/swagger-ui-init.js 200 0.252 ms
[13-04-2026 10:07:02] INFO: GET /api-docs/swagger-ui.css 304 1.470 ms
[13-04-2026 10:07:02] INFO: GET /api-docs/swagger-ui-bundle.js 304 0.739 ms
[13-04-2026 10:07:02] INFO: GET /api-docs/swagger-ui-standalone-preset.js 304 0.458 ms
[13-04-2026 10:07:02] INFO: GET /api-docs/favicon-16x16.png 200 1.863 ms
[15-04-2026 05:49:21] INFO: Server started on http://localhost:3000
[15-04-2026 06:28:23] INFO: Server started on http://localhost:3000
[15-04-2026 06:28:25] INFO: POST /auth 200 78.642 ms
[15-04-2026 06:28:52] INFO: GET /music 404 1.251 ms
[15-04-2026 06:29:04] INFO: GET /music 404 0.279 ms
[15-04-2026 06:29:09] INFO: GET /music 404 0.442 ms
[15-04-2026 06:29:53] INFO: GET /api/music 404 11.114 ms
[15-04-2026 06:29:56] INFO: Server started on http://localhost:3000
[15-04-2026 06:30:07] INFO: GET /api/music/all 200 55.144 ms
[15-04-2026 06:33:32] INFO: Server started on http://localhost:3000
[15-04-2026 06:33:33] INFO: Server started on http://localhost:3000
[15-04-2026 06:33:55] INFO: Server started on http://localhost:3000
[15-04-2026 06:34:32] INFO: Server started on http://localhost:3000
[15-04-2026 06:34:33] INFO: Server started on http://localhost:3000
[15-04-2026 06:34:42] INFO: Server started on http://localhost:3000
[15-04-2026 06:36:46] INFO: POST /api/photos/upload 400 4.676 ms
[15-04-2026 06:36:57] INFO: POST /api/photos/upload 400 1.217 ms
[15-04-2026 06:37:07] INFO: POST /api/photos/upload 400 1.150 ms
[15-04-2026 06:37:48] INFO: Server started on http://localhost:3000
[15-04-2026 06:37:51] INFO: POST /api/photos/upload 400 6.015 ms
[15-04-2026 06:40:21] INFO: Server started on http://localhost:3000
[15-04-2026 06:42:01] INFO: Server started on http://localhost:3000
[15-04-2026 06:43:11] INFO: Server started on http://localhost:3000
[15-04-2026 06:43:14] INFO: POST /api/photos/upload 200 132.398 ms
[15-04-2026 06:47:50] INFO: Server started on http://localhost:3000
[15-04-2026 06:49:17] INFO: POST /api/photos/upload 200 116.555 ms
[06-05-2026 02:46:21] INFO: Server started on http://localhost:3000
[06-05-2026 02:46:23] INFO: GET / 404 1.129 ms
[06-05-2026 02:48:20] INFO: GET /api/me 401 6.637 ms
[06-05-2026 02:48:28] ERROR: Auth error
[06-05-2026 02:48:28] INFO: POST /auth 500 39.088 ms
[06-05-2026 02:49:03] ERROR: Auth error
[06-05-2026 02:49:03] INFO: POST /auth 500 3.178 ms
[06-05-2026 02:49:04] ERROR: Auth error
[06-05-2026 02:49:04] INFO: POST /auth 500 3.595 ms
[06-05-2026 02:59:19] INFO: Server started on http://localhost:3000
[06-05-2026 02:59:36] ERROR: Auth error
[06-05-2026 02:59:36] INFO: POST /auth 500 50.034 ms
[06-05-2026 02:59:41] INFO: GET /api/me 401 10.171 ms
[06-05-2026 02:59:44] ERROR: Auth error
[06-05-2026 02:59:44] INFO: POST /auth 500 4.671 ms
[06-05-2026 03:02:03] INFO: Server started on http://localhost:3000
[06-05-2026 03:02:29] ERROR: Auth error {"error":"\nInvalid `prisma_1.prisma.user.findUniqueOrThrow()` invocation in\n/Users/usrenjoyer/development/node/dating/Dating-express/dist/repository/user.repository.js:53:44\n\n  50     return usr;\n  51 }\n  52 async function UserPrismaTgUnique(req) {\n→ 53     const usr = await prisma_1.prisma.user.findUniqueOrThrow(\nAn operation failed because it depends on one or more records that were required but not found. No record was found for a query."}
[06-05-2026 03:02:29] INFO: POST /auth 500 15.987 ms
[06-05-2026 03:05:09] INFO: Server started on http://localhost:3000
[06-05-2026 03:05:22] WARN: User creation failed {"error":"City: Moscow is invalid","userData":{"telegramId":123456,"name":"John","gender":"M","age":25,"city":"Moscow"}}
[06-05-2026 03:05:22] INFO: POST /auth 400 19.408 ms
[06-05-2026 03:05:32] WARN: User creation failed {"error":"City: New York is invalid","userData":{"telegramId":123456,"name":"John","gender":"M","age":25,"city":"New York"}}
[06-05-2026 03:05:32] INFO: POST /auth 400 1.455 ms
[06-05-2026 03:05:51] INFO: GET /city/q?q=a 404 0.601 ms
[06-05-2026 16:22:13] INFO: Server started on http://localhost:3000
[06-05-2026 16:22:17] INFO: GET / 404 1.991 ms
[06-05-2026 16:22:30] INFO: GET /health 404 0.649 ms
[06-05-2026 16:22:40] INFO: GET /api/health 200 1.735 ms
[06-05-2026 18:27:27] INFO: Server started on http://localhost:3000
[06-05-2026 18:28:02] WARN: Create user transaction failed
[06-05-2026 18:28:02] INFO: POST /auth 200 48.346 ms
[06-05-2026 18:28:34] INFO: GET /interests 404 1.965 ms
[06-05-2026 18:30:21] INFO: GET /interests 404 0.660 ms
[06-05-2026 18:30:32] INFO: GET /interests 404 0.141 ms
[06-05-2026 18:30:33] INFO: GET /interests 404 0.380 ms
[06-05-2026 18:30:42] INFO: GET /api/music/all 401 5.065 ms
[06-05-2026 18:30:54] INFO: GET /api/music/all 200 4.870 ms
[06-05-2026 18:36:22] INFO: Server started on http://localhost:3000
[06-05-2026 18:36:34] INFO: GET /interests/show 404 2.052 ms
[06-05-2026 18:36:59] INFO: GET /api/interests/show 401 2.065 ms
[06-05-2026 18:39:07] INFO: GET /api/interests/show 200 26.305 ms
[07-05-2026 17:59:01] INFO: Server started on http://localhost:3000
[07-05-2026 17:59:03] INFO: GET / 404 1.885 ms
[07-05-2026 17:59:32] INFO: POST /auth 200 27.749 ms
[07-05-2026 18:00:05] INFO: POST /api/photos/upload 200 60.110 ms
[07-05-2026 18:00:17] INFO: GET /uploads/user-b6da9b63-8014-4762-af50-e42979bdf281-1778166005131.webp 404 1.388 ms
[08-05-2026 17:12:45] INFO: Server started on http://localhost:3000
[08-05-2026 17:12:46] INFO: GET / 404 0.938 ms
